[2025-08-30 07:38:07,200] INFO Reading configuration from: ./kafka/config/zookeeper.properties (org.apache.zookeeper.server.quorum.QuorumPeerConfig)
[2025-08-30 07:38:07,236] INFO clientPortAddress is 0.0.0.0:2181 (org.apache.zookeeper.server.quorum.QuorumPeerConfig)
[2025-08-30 07:38:07,236] INFO secureClientPort is not set (org.apache.zookeeper.server.quorum.QuorumPeerConfig)
[2025-08-30 07:38:07,236] INFO observerMasterPort is not set (org.apache.zookeeper.server.quorum.QuorumPeerConfig)
[2025-08-30 07:38:07,236] INFO metricsProvider.className is org.apache.zookeeper.metrics.impl.DefaultMetricsProvider (org.apache.zookeeper.server.quorum.QuorumPeerConfig)
[2025-08-30 07:38:07,286] INFO autopurge.snapRetainCount set to 3 (org.apache.zookeeper.server.DatadirCleanupManager)
[2025-08-30 07:38:07,287] INFO autopurge.purgeInterval set to 0 (org.apache.zookeeper.server.DatadirCleanupManager)
[2025-08-30 07:38:07,287] INFO Purge task is not scheduled. (org.apache.zookeeper.server.DatadirCleanupManager)
[2025-08-30 07:38:07,287] WARN Either no config or no quorum defined in config, running in standalone mode (org.apache.zookeeper.server.quorum.QuorumPeerMain)
[2025-08-30 07:38:07,481] INFO Log4j 1.2 jmx support not found; jmx disabled. (org.apache.zookeeper.jmx.ManagedUtil)
[2025-08-30 07:38:07,569] INFO Reading configuration from: ./kafka/config/zookeeper.properties (org.apache.zookeeper.server.quorum.QuorumPeerConfig)
[2025-08-30 07:38:07,570] INFO clientPortAddress is 0.0.0.0:2181 (org.apache.zookeeper.server.quorum.QuorumPeerConfig)
[2025-08-30 07:38:07,570] INFO secureClientPort is not set (org.apache.zookeeper.server.quorum.QuorumPeerConfig)
[2025-08-30 07:38:07,570] INFO observerMasterPort is not set (org.apache.zookeeper.server.quorum.QuorumPeerConfig)
[2025-08-30 07:38:07,571] INFO metricsProvider.className is org.apache.zookeeper.metrics.impl.DefaultMetricsProvider (org.apache.zookeeper.server.quorum.QuorumPeerConfig)
[2025-08-30 07:38:07,571] INFO Starting server (org.apache.zookeeper.server.ZooKeeperServerMain)
[2025-08-30 07:38:07,768] INFO ServerMetrics initialized with provider org.apache.zookeeper.metrics.impl.DefaultMetricsProvider@4034c28c (org.apache.zookeeper.server.ServerMetrics)
[2025-08-30 07:38:07,798] INFO ACL digest algorithm is: SHA1 (org.apache.zookeeper.server.auth.DigestAuthenticationProvider)
[2025-08-30 07:38:07,799] INFO zookeeper.DigestAuthenticationProvider.enabled = true (org.apache.zookeeper.server.auth.DigestAuthenticationProvider)
[2025-08-30 07:38:07,803] INFO zookeeper.snapshot.trust.empty : false (org.apache.zookeeper.server.persistence.FileTxnSnapLog)
[2025-08-30 07:38:07,818] INFO  (org.apache.zookeeper.server.ZooKeeperServer)
[2025-08-30 07:38:07,819] INFO   ______                  _                                           (org.apache.zookeeper.server.ZooKeeperServer)
[2025-08-30 07:38:07,819] INFO  |___  /                 | |                                          (org.apache.zookeeper.server.ZooKeeperServer)
[2025-08-30 07:38:07,819] INFO     / /    ___     ___   | | __   ___    ___   _ __     ___   _ __    (org.apache.zookeeper.server.ZooKeeperServer)
[2025-08-30 07:38:07,819] INFO    / /    / _ \   / _ \  | |/ /  / _ \  / _ \ | '_ \   / _ \ | '__| (org.apache.zookeeper.server.ZooKeeperServer)
[2025-08-30 07:38:07,819] INFO   / /__  | (_) | | (_) | |   <  |  __/ |  __/ | |_) | |  __/ | |     (org.apache.zookeeper.server.ZooKeeperServer)
[2025-08-30 07:38:07,819] INFO  /_____|  \___/   \___/  |_|\_\  \___|  \___| | .__/   \___| |_| (org.apache.zookeeper.server.ZooKeeperServer)
[2025-08-30 07:38:07,819] INFO                                               | |                      (org.apache.zookeeper.server.ZooKeeperServer)
[2025-08-30 07:38:07,819] INFO                                               |_|                      (org.apache.zookeeper.server.ZooKeeperServer)
[2025-08-30 07:38:07,819] INFO  (org.apache.zookeeper.server.ZooKeeperServer)
[2025-08-30 07:38:07,834] INFO Server environment:zookeeper.version=3.8.3-6ad6d364c7c0bcf0de452d54ebefa3058098ab56, built on 2023-10-05 10:34 UTC (org.apache.zookeeper.server.ZooKeeperServer)
[2025-08-30 07:38:07,835] INFO Server environment:host.name=Bikash.localdomain (org.apache.zookeeper.server.ZooKeeperServer)
[2025-08-30 07:38:07,835] INFO Server environment:java.version=17.0.16 (org.apache.zookeeper.server.ZooKeeperServer)
[2025-08-30 07:38:07,835] INFO Server environment:java.vendor=Ubuntu (org.apache.zookeeper.server.ZooKeeperServer)
[2025-08-30 07:38:07,835] INFO Server environment:java.home=/usr/lib/jvm/java-17-openjdk-amd64 (org.apache.zookeeper.server.ZooKeeperServer)
[2025-08-30 07:38:07,835] INFO Server environment:java.class.path=/home/deb/projects/msmebazaar-bg/msmebazaar-bg/services/payment-service/kafka/bin/../libs/activation-1.1.1.jar:/home/deb/projects/msmebazaar-bg/msmebazaar-bg/services/payment-service/kafka/bin/../libs/aopalliance-repackaged-2.6.1.jar:/home/deb/projects/msmebazaar-bg/msmebazaar-bg/services/payment-service/kafka/bin/../libs/argparse4j-0.7.0.jar:/home/deb/projects/msmebazaar-bg/msmebazaar-bg/services/payment-service/kafka/bin/../libs/audience-annotations-0.12.0.jar:/home/deb/projects/msmebazaar-bg/msmebazaar-bg/services/payment-service/kafka/bin/../libs/caffeine-2.9.3.jar:/home/deb/projects/msmebazaar-bg/msmebazaar-bg/services/payment-service/kafka/bin/../libs/checker-qual-3.19.0.jar:/home/deb/projects/msmebazaar-bg/msmebazaar-bg/services/payment-service/kafka/bin/../libs/commons-beanutils-1.9.4.jar:/home/deb/projects/msmebazaar-bg/msmebazaar-bg/services/payment-service/kafka/bin/../libs/commons-cli-1.4.jar:/home/deb/projects/msmebazaar-bg/msmebazaar-bg/services/payment-service/kafka/bin/../libs/commons-collections-3.2.2.jar:/home/deb/projects/msmebazaar-bg/msmebazaar-bg/services/payment-service/kafka/bin/../libs/commons-digester-2.1.jar:/home/deb/projects/msmebazaar-bg/msmebazaar-bg/services/payment-service/kafka/bin/../libs/commons-io-2.11.0.jar:/home/deb/projects/msmebazaar-bg/msmebazaar-bg/services/payment-service/kafka/bin/../libs/commons-lang3-3.8.1.jar:/home/deb/projects/msmebazaar-bg/msmebazaar-bg/services/payment-service/kafka/bin/../libs/commons-logging-1.2.jar:/home/deb/projects/msmebazaar-bg/msmebazaar-bg/services/payment-service/kafka/bin/../libs/commons-validator-1.7.jar:/home/deb/projects/msmebazaar-bg/msmebazaar-bg/services/payment-service/kafka/bin/../libs/connect-api-3.7.0.jar:/home/deb/projects/msmebazaar-bg/msmebazaar-bg/services/payment-service/kafka/bin/../libs/connect-basic-auth-extension-3.7.0.jar:/home/deb/projects/msmebazaar-bg/msmebazaar-bg/services/payment-service/kafka/bin/../libs/connect-json-3.7.0.jar:/home/deb/projects/msmebazaar-bg/msmebazaar-bg/services/payment-service/kafka/bin/../libs/connect-mirror-3.7.0.jar:/home/deb/projects/msmebazaar-bg/msmebazaar-bg/services/payment-service/kafka/bin/../libs/connect-mirror-client-3.7.0.jar:/home/deb/projects/msmebazaar-bg/msmebazaar-bg/services/payment-service/kafka/bin/../libs/connect-runtime-3.7.0.jar:/home/deb/projects/msmebazaar-bg/msmebazaar-bg/services/payment-service/kafka/bin/../libs/connect-transforms-3.7.0.jar:/home/deb/projects/msmebazaar-bg/msmebazaar-bg/services/payment-service/kafka/bin/../libs/error_prone_annotations-2.10.0.jar:/home/deb/projects/msmebazaar-bg/msmebazaar-bg/services/payment-service/kafka/bin/../libs/hk2-api-2.6.1.jar:/home/deb/projects/msmebazaar-bg/msmebazaar-bg/services/payment-service/kafka/bin/../libs/hk2-locator-2.6.1.jar:/home/deb/projects/msmebazaar-bg/msmebazaar-bg/services/payment-service/kafka/bin/../libs/hk2-utils-2.6.1.jar:/home/deb/projects/msmebazaar-bg/msmebazaar-bg/services/payment-service/kafka/bin/../libs/jackson-annotations-2.16.0.jar:/home/deb/projects/msmebazaar-bg/msmebazaar-bg/services/payment-service/kafka/bin/../libs/jackson-core-2.16.0.jar:/home/deb/projects/msmebazaar-bg/msmebazaar-bg/services/payment-service/kafka/bin/../libs/jackson-databind-2.16.0.jar:/home/deb/projects/msmebazaar-bg/msmebazaar-bg/services/payment-service/kafka/bin/../libs/jackson-dataformat-csv-2.16.0.jar:/home/deb/projects/msmebazaar-bg/msmebazaar-bg/services/payment-service/kafka/bin/../libs/jackson-datatype-jdk8-2.16.0.jar:/home/deb/projects/msmebazaar-bg/msmebazaar-bg/services/payment-service/kafka/bin/../libs/jackson-jaxrs-base-2.16.0.jar:/home/deb/projects/msmebazaar-bg/msmebazaar-bg/services/payment-service/kafka/bin/../libs/jackson-jaxrs-json-provider-2.16.0.jar:/home/deb/projects/msmebazaar-bg/msmebazaar-bg/services/payment-service/kafka/bin/../libs/jackson-module-jaxb-annotations-2.16.0.jar:/home/deb/projects/msmebazaar-bg/msmebazaar-bg/services/payment-service/kafka/bin/../libs/jackson-module-scala_2.13-2.16.0.jar:/home/deb/projects/msmebazaar-bg/msmebazaar-bg/services/payment-service/kafka/bin/../libs/jakarta.activation-api-1.2.2.jar:/home/deb/projects/msmebazaar-bg/msmebazaar-bg/services/payment-service/kafka/bin/../libs/jakarta.annotation-api-1.3.5.jar:/home/deb/projects/msmebazaar-bg/msmebazaar-bg/services/payment-service/kafka/bin/../libs/jakarta.inject-2.6.1.jar:/home/deb/projects/msmebazaar-bg/msmebazaar-bg/services/payment-service/kafka/bin/../libs/jakarta.validation-api-2.0.2.jar:/home/deb/projects/msmebazaar-bg/msmebazaar-bg/services/payment-service/kafka/bin/../libs/jakarta.ws.rs-api-2.1.6.jar:/home/deb/projects/msmebazaar-bg/msmebazaar-bg/services/payment-service/kafka/bin/../libs/jakarta.xml.bind-api-2.3.3.jar:/home/deb/projects/msmebazaar-bg/msmebazaar-bg/services/payment-service/kafka/bin/../libs/javassist-3.29.2-GA.jar:/home/deb/projects/msmebazaar-bg/msmebazaar-bg/services/payment-service/kafka/bin/../libs/javax.activation-api-1.2.0.jar:/home/deb/projects/msmebazaar-bg/msmebazaar-bg/services/payment-service/kafka/bin/../libs/javax.annotation-api-1.3.2.jar:/home/deb/projects/msmebazaar-bg/msmebazaar-bg/services/payment-service/kafka/bin/../libs/javax.servlet-api-3.1.0.jar:/home/deb/projects/msmebazaar-bg/msmebazaar-bg/services/payment-service/kafka/bin/../libs/javax.ws.rs-api-2.1.1.jar:/home/deb/projects/msmebazaar-bg/msmebazaar-bg/services/payment-service/kafka/bin/../libs/jaxb-api-2.3.1.jar:/home/deb/projects/msmebazaar-bg/msmebazaar-bg/services/payment-service/kafka/bin/../libs/jersey-client-2.39.1.jar:/home/deb/projects/msmebazaar-bg/msmebazaar-bg/services/payment-service/kafka/bin/../libs/jersey-common-2.39.1.jar:/home/deb/projects/msmebazaar-bg/msmebazaar-bg/services/payment-service/kafka/bin/../libs/jersey-container-servlet-2.39.1.jar:/home/deb/projects/msmebazaar-bg/msmebazaar-bg/services/payment-service/kafka/bin/../libs/jersey-container-servlet-core-2.39.1.jar:/home/deb/projects/msmebazaar-bg/msmebazaar-bg/services/payment-service/kafka/bin/../libs/jersey-hk2-2.39.1.jar:/home/deb/projects/msmebazaar-bg/msmebazaar-bg/services/payment-service/kafka/bin/../libs/jersey-server-2.39.1.jar:/home/deb/projects/msmebazaar-bg/msmebazaar-bg/services/payment-service/kafka/bin/../libs/jetty-client-9.4.53.v20231009.jar:/home/deb/projects/msmebazaar-bg/msmebazaar-bg/services/payment-service/kafka/bin/../libs/jetty-continuation-9.4.53.v20231009.jar:/home/deb/projects/msmebazaar-bg/msmebazaar-bg/services/payment-service/kafka/bin/../libs/jetty-http-9.4.53.v20231009.jar:/home/deb/projects/msmebazaar-bg/msmebazaar-bg/services/payment-service/kafka/bin/../libs/jetty-io-9.4.53.v20231009.jar:/home/deb/projects/msmebazaar-bg/msmebazaar-bg/services/payment-service/kafka/bin/../libs/jetty-security-9.4.53.v20231009.jar:/home/deb/projects/msmebazaar-bg/msmebazaar-bg/services/payment-service/kafka/bin/../libs/jetty-server-9.4.53.v20231009.jar:/home/deb/projects/msmebazaar-bg/msmebazaar-bg/services/payment-service/kafka/bin/../libs/jetty-servlet-9.4.53.v20231009.jar:/home/deb/projects/msmebazaar-bg/msmebazaar-bg/services/payment-service/kafka/bin/../libs/jetty-servlets-9.4.53.v20231009.jar:/home/deb/projects/msmebazaar-bg/msmebazaar-bg/services/payment-service/kafka/bin/../libs/jetty-util-9.4.53.v20231009.jar:/home/deb/projects/msmebazaar-bg/msmebazaar-bg/services/payment-service/kafka/bin/../libs/jetty-util-ajax-9.4.53.v20231009.jar:/home/deb/projects/msmebazaar-bg/msmebazaar-bg/services/payment-service/kafka/bin/../libs/jline-3.22.0.jar:/home/deb/projects/msmebazaar-bg/msmebazaar-bg/services/payment-service/kafka/bin/../libs/jopt-simple-5.0.4.jar:/home/deb/projects/msmebazaar-bg/msmebazaar-bg/services/payment-service/kafka/bin/../libs/jose4j-0.9.4.jar:/home/deb/projects/msmebazaar-bg/msmebazaar-bg/services/payment-service/kafka/bin/../libs/jsr305-3.0.2.jar:/home/deb/projects/msmebazaar-bg/msmebazaar-bg/services/payment-service/kafka/bin/../libs/kafka-clients-3.7.0.jar:/home/deb/projects/msmebazaar-bg/msmebazaar-bg/services/payment-service/kafka/bin/../libs/kafka-group-coordinator-3.7.0.jar:/home/deb/projects/msmebazaar-bg/msmebazaar-bg/services/payment-service/kafka/bin/../libs/kafka-log4j-appender-3.7.0.jar:/home/deb/projects/msmebazaar-bg/msmebazaar-bg/services/payment-service/kafka/bin/../libs/kafka-metadata-3.7.0.jar:/home/deb/projects/msmebazaar-bg/msmebazaar-bg/services/payment-service/kafka/bin/../libs/kafka-raft-3.7.0.jar:/home/deb/projects/msmebazaar-bg/msmebazaar-bg/services/payment-service/kafka/bin/../libs/kafka-server-3.7.0.jar:/home/deb/projects/msmebazaar-bg/msmebazaar-bg/services/payment-service/kafka/bin/../libs/kafka-server-common-3.7.0.jar:/home/deb/projects/msmebazaar-bg/msmebazaar-bg/services/payment-service/kafka/bin/../libs/kafka-shell-3.7.0.jar:/home/deb/projects/msmebazaar-bg/msmebazaar-bg/services/payment-service/kafka/bin/../libs/kafka-storage-3.7.0.jar:/home/deb/projects/msmebazaar-bg/msmebazaar-bg/services/payment-service/kafka/bin/../libs/kafka-storage-api-3.7.0.jar:/home/deb/projects/msmebazaar-bg/msmebazaar-bg/services/payment-service/kafka/bin/../libs/kafka-streams-3.7.0.jar:/home/deb/projects/msmebazaar-bg/msmebazaar-bg/services/payment-service/kafka/bin/../libs/kafka-streams-examples-3.7.0.jar:/home/deb/projects/msmebazaar-bg/msmebazaar-bg/services/payment-service/kafka/bin/../libs/kafka-streams-scala_2.13-3.7.0.jar:/home/deb/projects/msmebazaar-bg/msmebazaar-bg/services/payment-service/kafka/bin/../libs/kafka-streams-test-utils-3.7.0.jar:/home/deb/projects/msmebazaar-bg/msmebazaar-bg/services/payment-service/kafka/bin/../libs/kafka-tools-3.7.0.jar:/home/deb/projects/msmebazaar-bg/msmebazaar-bg/services/payment-service/kafka/bin/../libs/kafka-tools-api-3.7.0.jar:/home/deb/projects/msmebazaar-bg/msmebazaar-bg/services/payment-service/kafka/bin/../libs/kafka_2.13-3.7.0.jar:/home/deb/projects/msmebazaar-bg/msmebazaar-bg/services/payment-service/kafka/bin/../libs/lz4-java-1.8.0.jar:/home/deb/projects/msmebazaar-bg/msmebazaar-bg/services/payment-service/kafka/bin/../libs/maven-artifact-3.8.8.jar:/home/deb/projects/msmebazaar-bg/msmebazaar-bg/services/payment-service/kafka/bin/../libs/metrics-core-2.2.0.jar:/home/deb/projects/msmebazaar-bg/msmebazaar-bg/services/payment-service/kafka/bin/../libs/metrics-core-4.1.12.1.jar:/home/deb/projects/msmebazaar-bg/msmebazaar-bg/services/payment-service/kafka/bin/../libs/netty-buffer-4.1.100.Final.jar:/home/deb/projects/msmebazaar-bg/msmebazaar-bg/services/payment-service/kafka/bin/../libs/netty-codec-4.1.100.Final.jar:/home/deb/projects/msmebazaar-bg/msmebazaar-bg/services/payment-service/kafka/bin/../libs/netty-common-4.1.100.Final.jar:/home/deb/projects/msmebazaar-bg/msmebazaar-bg/services/payment-service/kafka/bin/../libs/netty-handler-4.1.100.Final.jar:/home/deb/projects/msmebazaar-bg/msmebazaar-bg/services/payment-service/kafka/bin/../libs/netty-resolver-4.1.100.Final.jar:/home/deb/projects/msmebazaar-bg/msmebazaar-bg/services/payment-service/kafka/bin/../libs/netty-transport-4.1.100.Final.jar:/home/deb/projects/msmebazaar-bg/msmebazaar-bg/services/payment-service/kafka/bin/../libs/netty-transport-classes-epoll-4.1.100.Final.jar:/home/deb/projects/msmebazaar-bg/msmebazaar-bg/services/payment-service/kafka/bin/../libs/netty-transport-native-epoll-4.1.100.Final.jar:/home/deb/projects/msmebazaar-bg/msmebazaar-bg/services/payment-service/kafka/bin/../libs/netty-transport-native-unix-common-4.1.100.Final.jar:/home/deb/projects/msmebazaar-bg/msmebazaar-bg/services/payment-service/kafka/bin/../libs/opentelemetry-proto-1.0.0-alpha.jar:/home/deb/projects/msmebazaar-bg/msmebazaar-bg/services/payment-service/kafka/bin/../libs/osgi-resource-locator-1.0.3.jar:/home/deb/projects/msmebazaar-bg/msmebazaar-bg/services/payment-service/kafka/bin/../libs/paranamer-2.8.jar:/home/deb/projects/msmebazaar-bg/msmebazaar-bg/services/payment-service/kafka/bin/../libs/pcollections-4.0.1.jar:/home/deb/projects/msmebazaar-bg/msmebazaar-bg/services/payment-service/kafka/bin/../libs/plexus-utils-3.3.1.jar:/home/deb/projects/msmebazaar-bg/msmebazaar-bg/services/payment-service/kafka/bin/../libs/protobuf-java-3.23.4.jar:/home/deb/projects/msmebazaar-bg/msmebazaar-bg/services/payment-service/kafka/bin/../libs/reflections-0.10.2.jar:/home/deb/projects/msmebazaar-bg/msmebazaar-bg/services/payment-service/kafka/bin/../libs/reload4j-1.2.25.jar:/home/deb/projects/msmebazaar-bg/msmebazaar-bg/services/payment-service/kafka/bin/../libs/rocksdbjni-7.9.2.jar:/home/deb/projects/msmebazaar-bg/msmebazaar-bg/services/payment-service/kafka/bin/../libs/scala-collection-compat_2.13-2.10.0.jar:/home/deb/projects/msmebazaar-bg/msmebazaar-bg/services/payment-service/kafka/bin/../libs/scala-java8-compat_2.13-1.0.2.jar:/home/deb/projects/msmebazaar-bg/msmebazaar-bg/services/payment-service/kafka/bin/../libs/scala-library-2.13.12.jar:/home/deb/projects/msmebazaar-bg/msmebazaar-bg/services/payment-service/kafka/bin/../libs/scala-logging_2.13-3.9.4.jar:/home/deb/projects/msmebazaar-bg/msmebazaar-bg/services/payment-service/kafka/bin/../libs/scala-reflect-2.13.12.jar:/home/deb/projects/msmebazaar-bg/msmebazaar-bg/services/payment-service/kafka/bin/../libs/slf4j-api-1.7.36.jar:/home/deb/projects/msmebazaar-bg/msmebazaar-bg/services/payment-service/kafka/bin/../libs/slf4j-reload4j-1.7.36.jar:/home/deb/projects/msmebazaar-bg/msmebazaar-bg/services/payment-service/kafka/bin/../libs/snappy-java-1.1.10.5.jar:/home/deb/projects/msmebazaar-bg/msmebazaar-bg/services/payment-service/kafka/bin/../libs/swagger-annotations-2.2.8.jar:/home/deb/projects/msmebazaar-bg/msmebazaar-bg/services/payment-service/kafka/bin/../libs/trogdor-3.7.0.jar:/home/deb/projects/msmebazaar-bg/msmebazaar-bg/services/payment-service/kafka/bin/../libs/zookeeper-3.8.3.jar:/home/deb/projects/msmebazaar-bg/msmebazaar-bg/services/payment-service/kafka/bin/../libs/zookeeper-jute-3.8.3.jar:/home/deb/projects/msmebazaar-bg/msmebazaar-bg/services/payment-service/kafka/bin/../libs/zstd-jni-1.5.5-6.jar (org.apache.zookeeper.server.ZooKeeperServer)
[2025-08-30 07:38:07,836] INFO Server environment:java.library.path=/usr/java/packages/lib:/usr/lib/x86_64-linux-gnu/jni:/lib/x86_64-linux-gnu:/usr/lib/x86_64-linux-gnu:/usr/lib/jni:/lib:/usr/lib (org.apache.zookeeper.server.ZooKeeperServer)
[2025-08-30 07:38:07,837] INFO Server environment:java.io.tmpdir=/tmp (org.apache.zookeeper.server.ZooKeeperServer)
[2025-08-30 07:38:07,837] INFO Server environment:java.compiler=<NA> (org.apache.zookeeper.server.ZooKeeperServer)
[2025-08-30 07:38:07,837] INFO Server environment:os.name=Linux (org.apache.zookeeper.server.ZooKeeperServer)
[2025-08-30 07:38:07,837] INFO Server environment:os.arch=amd64 (org.apache.zookeeper.server.ZooKeeperServer)
[2025-08-30 07:38:07,837] INFO Server environment:os.version=6.6.87.2-microsoft-standard-WSL2 (org.apache.zookeeper.server.ZooKeeperServer)
[2025-08-30 07:38:07,837] INFO Server environment:user.name=deb (org.apache.zookeeper.server.ZooKeeperServer)
[2025-08-30 07:38:07,837] INFO Server environment:user.home=/home/deb (org.apache.zookeeper.server.ZooKeeperServer)
[2025-08-30 07:38:07,837] INFO Server environment:user.dir=/home/deb/projects/msmebazaar-bg/msmebazaar-bg/services/payment-service (org.apache.zookeeper.server.ZooKeeperServer)
[2025-08-30 07:38:07,837] INFO Server environment:os.memory.free=493MB (org.apache.zookeeper.server.ZooKeeperServer)
[2025-08-30 07:38:07,837] INFO Server environment:os.memory.max=512MB (org.apache.zookeeper.server.ZooKeeperServer)
[2025-08-30 07:38:07,837] INFO Server environment:os.memory.total=512MB (org.apache.zookeeper.server.ZooKeeperServer)
[2025-08-30 07:38:07,837] INFO zookeeper.enableEagerACLCheck = false (org.apache.zookeeper.server.ZooKeeperServer)
[2025-08-30 07:38:07,837] INFO zookeeper.digest.enabled = true (org.apache.zookeeper.server.ZooKeeperServer)
[2025-08-30 07:38:07,838] INFO zookeeper.closeSessionTxn.enabled = true (org.apache.zookeeper.server.ZooKeeperServer)
[2025-08-30 07:38:07,838] INFO zookeeper.flushDelay = 0 ms (org.apache.zookeeper.server.ZooKeeperServer)
[2025-08-30 07:38:07,838] INFO zookeeper.maxWriteQueuePollTime = 0 ms (org.apache.zookeeper.server.ZooKeeperServer)
[2025-08-30 07:38:07,838] INFO zookeeper.maxBatchSize=1000 (org.apache.zookeeper.server.ZooKeeperServer)
[2025-08-30 07:38:07,838] INFO zookeeper.intBufferStartingSizeBytes = 1024 (org.apache.zookeeper.server.ZooKeeperServer)
[2025-08-30 07:38:07,839] INFO Weighed connection throttling is disabled (org.apache.zookeeper.server.BlueThrottle)
[2025-08-30 07:38:07,854] INFO minSessionTimeout set to 6000 ms (org.apache.zookeeper.server.ZooKeeperServer)
[2025-08-30 07:38:07,855] INFO maxSessionTimeout set to 60000 ms (org.apache.zookeeper.server.ZooKeeperServer)
[2025-08-30 07:38:07,912] INFO getData response cache size is initialized with value 400. (org.apache.zookeeper.server.ResponseCache)
[2025-08-30 07:38:07,913] INFO getChildren response cache size is initialized with value 400. (org.apache.zookeeper.server.ResponseCache)
[2025-08-30 07:38:07,916] INFO zookeeper.pathStats.slotCapacity = 60 (org.apache.zookeeper.server.util.RequestPathMetricsCollector)
[2025-08-30 07:38:07,916] INFO zookeeper.pathStats.slotDuration = 15 (org.apache.zookeeper.server.util.RequestPathMetricsCollector)
[2025-08-30 07:38:07,916] INFO zookeeper.pathStats.maxDepth = 6 (org.apache.zookeeper.server.util.RequestPathMetricsCollector)
[2025-08-30 07:38:07,916] INFO zookeeper.pathStats.initialDelay = 5 (org.apache.zookeeper.server.util.RequestPathMetricsCollector)
[2025-08-30 07:38:07,917] INFO zookeeper.pathStats.delay = 5 (org.apache.zookeeper.server.util.RequestPathMetricsCollector)
[2025-08-30 07:38:07,917] INFO zookeeper.pathStats.enabled = false (org.apache.zookeeper.server.util.RequestPathMetricsCollector)
[2025-08-30 07:38:07,924] INFO The max bytes for all large requests are set to 104857600 (org.apache.zookeeper.server.ZooKeeperServer)
[2025-08-30 07:38:07,925] INFO The large request threshold is set to -1 (org.apache.zookeeper.server.ZooKeeperServer)
[2025-08-30 07:38:07,926] INFO zookeeper.enforce.auth.enabled = false (org.apache.zookeeper.server.AuthenticationHelper)
[2025-08-30 07:38:07,926] INFO zookeeper.enforce.auth.schemes = [] (org.apache.zookeeper.server.AuthenticationHelper)
[2025-08-30 07:38:07,926] INFO Created server with tickTime 3000 ms minSessionTimeout 6000 ms maxSessionTimeout 60000 ms clientPortListenBacklog -1 datadir /tmp/zookeeper/version-2 snapdir /tmp/zookeeper/version-2 (org.apache.zookeeper.server.ZooKeeperServer)
[2025-08-30 07:38:08,010] INFO Using org.apache.zookeeper.server.NIOServerCnxnFactory as server connection factory (org.apache.zookeeper.server.ServerCnxnFactory)
[2025-08-30 07:38:08,011] WARN maxCnxns is not configured, using default value 0. (org.apache.zookeeper.server.ServerCnxnFactory)
[2025-08-30 07:38:08,032] INFO Configuring NIO connection handler with 10s sessionless connection timeout, 2 selector thread(s), 16 worker threads, and 64 kB direct buffers. (org.apache.zookeeper.server.NIOServerCnxnFactory)
[2025-08-30 07:38:08,060] INFO binding to port 0.0.0.0/0.0.0.0:2181 (org.apache.zookeeper.server.NIOServerCnxnFactory)
[2025-08-30 07:38:08,173] INFO Using org.apache.zookeeper.server.watch.WatchManager as watch manager (org.apache.zookeeper.server.watch.WatchManagerFactory)
[2025-08-30 07:38:08,173] INFO Using org.apache.zookeeper.server.watch.WatchManager as watch manager (org.apache.zookeeper.server.watch.WatchManagerFactory)
[2025-08-30 07:38:08,173] INFO zookeeper.snapshotSizeFactor = 0.33 (org.apache.zookeeper.server.ZKDatabase)
[2025-08-30 07:38:08,173] INFO zookeeper.commitLogCount=500 (org.apache.zookeeper.server.ZKDatabase)
[2025-08-30 07:38:08,214] INFO zookeeper.snapshot.compression.method = CHECKED (org.apache.zookeeper.server.persistence.SnapStream)
[2025-08-30 07:38:08,215] INFO Snapshotting: 0x0 to /tmp/zookeeper/version-2/snapshot.0 (org.apache.zookeeper.server.persistence.FileTxnSnapLog)
[2025-08-30 07:38:08,259] INFO Snapshot loaded in 85 ms, highest zxid is 0x0, digest is 1371985504 (org.apache.zookeeper.server.ZKDatabase)
[2025-08-30 07:38:08,260] INFO Snapshotting: 0x0 to /tmp/zookeeper/version-2/snapshot.0 (org.apache.zookeeper.server.persistence.FileTxnSnapLog)
[2025-08-30 07:38:08,260] INFO Snapshot taken in 1 ms (org.apache.zookeeper.server.ZooKeeperServer)
[2025-08-30 07:38:08,270] INFO PrepRequestProcessor (sid:0) started, reconfigEnabled=false (org.apache.zookeeper.server.PrepRequestProcessor)
[2025-08-30 07:38:08,270] INFO zookeeper.request_throttler.shutdownTimeout = 10000 ms (org.apache.zookeeper.server.RequestThrottler)
[2025-08-30 07:38:08,305] INFO Using checkIntervalMs=60000 maxPerMinute=10000 maxNeverUsedIntervalMs=0 (org.apache.zookeeper.server.ContainerManager)
[2025-08-30 07:38:08,306] INFO ZooKeeper audit is disabled. (org.apache.zookeeper.audit.ZKAuditProvider)
[2025-08-30 07:38:13,103] INFO Creating new log file: log.1 (org.apache.zookeeper.server.persistence.FileTxnLog)
[2025-08-30 07:41:04,737] WARN fsync-ing the write ahead log in SyncThread:0 took 1312ms which will adversely effect operation latency.File size is 67108880 bytes. See the ZooKeeper troubleshooting guide (org.apache.zookeeper.server.persistence.FileTxnLog)
[2025-08-30 08:03:09,924] INFO Expiring session 0x10000e885320000, timeout of 18000ms exceeded (org.apache.zookeeper.server.ZooKeeperServer)
[2025-08-30 08:03:15,669] INFO Unable to read additional data from client, it probably closed the socket: address = /127.0.0.1:53380, session = 0x10000e885320000 (org.apache.zookeeper.server.NIOServerCnxn)
[2025-08-30 08:03:29,167] INFO Invalid session 0x10000e885320000 for client /127.0.0.1:52472, probably expired (org.apache.zookeeper.server.ZooKeeperServer)
[2025-08-30 08:04:54,759] INFO Expiring session 0x10000e885320001, timeout of 18000ms exceeded (org.apache.zookeeper.server.ZooKeeperServer)
[2025-08-30 08:04:55,536] INFO Unable to read additional data from client, it probably closed the socket: address = /127.0.0.1:53382, session = 0x10000e885320001 (org.apache.zookeeper.server.NIOServerCnxn)
[2025-08-30 08:04:57,421] WARN fsync-ing the write ahead log in SyncThread:0 took 1014ms which will adversely effect operation latency.File size is 67108880 bytes. See the ZooKeeper troubleshooting guide (org.apache.zookeeper.server.persistence.FileTxnLog)
[2025-08-30 08:04:58,282] INFO Invalid session 0x10000e885320001 for client /127.0.0.1:59316, probably expired (org.apache.zookeeper.server.ZooKeeperServer)
[2025-08-30 08:06:01,754] INFO Expiring session 0x10000e885320002, timeout of 18000ms exceeded (org.apache.zookeeper.server.ZooKeeperServer)
[2025-08-30 08:06:02,183] INFO Unable to read additional data from client, it probably closed the socket: address = /127.0.0.1:59332, session = 0x10000e885320002 (org.apache.zookeeper.server.NIOServerCnxn)
[2025-08-30 08:06:04,077] INFO Invalid session 0x10000e885320002 for client /127.0.0.1:48102, probably expired (org.apache.zookeeper.server.ZooKeeperServer)
[2025-08-30 08:14:00,960] INFO Unable to read additional data from client, it probably closed the socket: address = /127.0.0.1:48110, session = 0x10000e885320003 (org.apache.zookeeper.server.NIOServerCnxn)
[2025-08-30 08:14:02,843] INFO Expiring session 0x10000e885320003, timeout of 18000ms exceeded (org.apache.zookeeper.server.ZooKeeperServer)
[2025-08-30 08:14:04,338] INFO Invalid session 0x10000e885320003 for client /127.0.0.1:60060, probably expired (org.apache.zookeeper.server.ZooKeeperServer)
[2025-08-30 08:43:33,457] INFO Unable to read additional data from client, it probably closed the socket: address = /127.0.0.1:43420, session = 0x10000e885320004 (org.apache.zookeeper.server.NIOServerCnxn)
